Mon Apr 14 2025 19:9:20 } [UMS] error: 🐱‍🏍 globalErrorHandler ~~ 
Invalid `prisma.course.deleteMany()` invocation in
G:\university-management-core-service\src\app\modules\course\course.service.ts:111:38

  108 
  109 // DELETE
  110 const deleteCourse = async (ids: string[]): Promise<any> => {
→ 111   const result = await prisma.course.deleteMany(
Foreign key constraint failed on the field: `CourseToPrerequisite_courseId_fkey (index)`
Mon Apr 14 2025 19:9:58 } [UMS] error: 🐱‍🏍 globalErrorHandler ~~ 
Invalid `prisma.course.deleteMany()` invocation in
G:\university-management-core-service\src\app\modules\course\course.service.ts:111:38

  108 
  109 // DELETE
  110 const deleteCourse = async (ids: string[]): Promise<any> => {
→ 111   const result = await prisma.course.deleteMany(
Foreign key constraint failed on the field: `CourseToPrerequisite_courseId_fkey (index)`
Mon Apr 14 2025 19:13:53 } [UMS] error: 🐱‍🏍 globalErrorHandler ~~ 
Invalid `prisma.course.deleteMany()` invocation in
G:\university-management-core-service\src\app\modules\course\course.service.ts:111:38

  108 
  109 // DELETE
  110 const deleteCourse = async (ids: string[]): Promise<any> => {
→ 111   const result = await prisma.course.deleteMany(
Foreign key constraint failed on the field: `CourseToPrerequisite_courseId_fkey (index)`
